Using bundled DotNet SDK version: 10.0 win-x64
Running UnrealBuildTool: dotnet "..\..\Engine\Binaries\DotNET\UnrealBuildTool\UnrealBuildTool.dll" JJK_theHiddenOnesEditor Win64 Development -project=F:\GameStudy\JJK_theHiddenOnes\JJK_theHiddenOnes.uproject -WaitMutex
Log file: C:\Users\yaeonh\AppData\Local\UnrealBuildTool\Log.txt
Determining max actions to execute in parallel (6 physical cores, 12 logical cores)
  Executing up to 6 processes, one per physical core
Using 'git status' to determine working set for adaptive non-unity build (F:\GameStudy\JJK_theHiddenOnes).
UbaServer - Listening on 0.0.0.0:1345
Creating makefile for JJK_theHiddenOnesEditor (.uproject file is newer)
UHT compiled-in object format Default
UHT processed JJK_theHiddenOnesEditor in 12.5041492 seconds (0 generated files written)
Building JJK_theHiddenOnesEditor...
===== Toolchain Information =====
Using ISPC compiler (F:\GameStudy\UE_5.8\Engine\Source\ThirdParty\Intel\ISPC\bin\Windows\ispc.exe)
  Intel(r) Implicit SPMD Program Compiler (Intel(r) ISPC), 1.24.0 (build commit  @ 20250404, LLVM 18.1.2) 
Using Visual Studio 14.44.35217 toolchain (D:\Program Files\Microsoft Visual Studio\2022\Community\VC\Tools\MSVC\14.44.35207) and Windows 10.0.22621.0 SDK (C:\Program Files (x86)\Windows Kits\10).
=================================
Using Unreal Build Accelerator local executor to run 4 action(s)
  CPU 6 physical cores, 12 logical cores
  Memory 31.94 GB physical, 29.86 GB/65.25 GB committed
  UBA Storage capacity 40 GB
[1/4] Compile [x64] Module.JJK_theHiddenOnes.cpp
[2/4] Link [x64] UnrealEditor-JJK_theHiddenOnes.lib
  正在创建库 F:/GameStudy/JJK_theHiddenOnes/Intermediate/Build/Win64/x64/UnrealEditor/Development/JJK_theHiddenOnes/UnrealEditor-JJK_theHiddenOnes.lib 和对象 F:/GameStudy/JJK_theHiddenOnes/Intermediate/Build/Win64/x64/UnrealEditor/Development/JJK_theHiddenOnes/UnrealEditor-JJK_theHiddenOnes.exp
[3/4] Link [x64] UnrealEditor-JJK_theHiddenOnes.dll
[4/4] WriteMetadata JJK_theHiddenOnesEditor.target [NoUba]

Total time in Unreal Build Accelerator local executor: 38.60 seconds
Output binary: F:\GameStudy\UE_5.8\Engine\Binaries\Win64\UnrealEditor.exe

Result: Succeeded
Total execution time: 54.04 seconds
Trace written to file C:\Users\yaeonh\AppData\Local\UnrealBuildTool\Trace.uba with size 12.1kb
