Cold editor process: 52244; started 2026-09-16 13:29:58 Asia/Shanghai.
Prior editor 38148 exited before build/restart. No input repair executed in new process before acceptance.

LogInit: Build: ++UE5+Release-5.8-CL-56702186
LogInit: Command Line: 
[2026.09.16-05.30.48:444][169]LogPython: [M2Acceptance] PASS T13_controller_action
[2026.09.16-05.30.48:445][169]LogPython: [M2Acceptance] PASS T13_left_mouse_mapping
[2026.09.16-05.30.48:451][169]LogPython: [M2Acceptance] PASS T13_mapping_installed
[2026.09.16-05.30.48:453][170]LogTemp: [CombatInput] Fighter_P1 建立输入会话 1
[2026.09.16-05.30.48:509][175]LogPython: [M2Acceptance] PASS T13_started_session
[2026.09.16-05.30.48:511][176]LogTemp: [CombatInput] Fighter_P1 会话 1 持续 0.058s < 阈值 0.18s：提交轻拳
[2026.09.16-05.30.48:511][176]LogTemp: [CombatHit] Fighter_P1 开始攻击实例 1（段 0，伤害 35）
[2026.09.16-05.30.48:511][176]LogStreaming: Display: FlushAsyncLoading(366): 1 QueuedPackages, 0 AsyncPackages
[2026.09.16-05.30.48:520][176]LogTemp: [MeleeCombo] Fighter_P1 攻击激活（实例 1，Montage AM_M2_A1）
[2026.09.16-05.30.48:520][176]LogTemp: [CombatInput] Fighter_P1 攻击请求结果：Executed
[2026.09.16-05.30.48:595][183]LogPython: [M2Acceptance] PASS T13_completed_activates_montage
[2026.09.16-05.30.48:595][183]LogStreaming: Display: FlushAsyncLoading(367): 1 QueuedPackages, 0 AsyncPackages
[2026.09.16-05.30.48:763][201]LogTemp: [CombatHit] Fighter_P1 实例 1 窗口开启（段 0）
[2026.09.16-05.30.48:885][214]LogTemp: [CombatHit] Fighter_P1 实例 1 批次结算：有效接触 1 个
[2026.09.16-05.30.48:885][214]LogTemp: [CombatHit] Fighter_P1 命中 Fighter_P2（实例 1 段 0，伤害 35，累计命中 1，致死=0）
[2026.09.16-05.30.48:885][214]LogTemp: [Combat] Fighter_P2 受击硬直 0.50s（来源 Fighter_P1）
[2026.09.16-05.30.48:967][223]LogTemp: [CombatHit] Fighter_P1 实例 1 窗口关闭（有效命中 1）
[2026.09.16-05.30.49:299][258]LogPython: [M2Acceptance] PASS T13_hit_react_montage
[2026.09.16-05.30.49:390][269]LogTemp: [Combat] Fighter_P2 硬直结束，恢复行动
[2026.09.16-05.30.49:509][282]LogTemp: [MeleeCombo] Fighter_P1 实例 1 Montage 自然完成
[2026.09.16-05.30.49:906][323]LogPython: [M2Acceptance] PASS T13_input_single_damage
[2026.09.16-05.30.49:906][323]LogPython: [M2Acceptance] PASS T13_input_attack_ended
[2026.09.16-05.30.49:906][323]LogTemp: [TrainingGM] 训练重置开始
[2026.09.16-05.30.49:906][323]LogTemplateCharacter: [Fighter_P1] 训练重置完成
[2026.09.16-05.30.49:906][323]LogTemplateCharacter: [Fighter_P2] 训练重置完成
[2026.09.16-05.30.49:906][323]LogTemp: [TrainingGM] 训练重置完成
[2026.09.16-05.30.50:213][358]LogTemp: [CombatInput] Fighter_P1 建立输入会话 2
[2026.09.16-05.30.50:520][392]LogTemp: [CombatInput] Fighter_P1 会话 2 持续 0.307s >= 阈值 0.18s：记录 HeavyPunch 占位意图（M2 无动作/伤害）
[2026.09.16-05.30.51:819][535]LogPython: [M2Acceptance] PASS T13_injected_hold_no_light
