Using bundled DotNet SDK version: 10.0 win-x64
Running UnrealBuildTool: dotnet "..\..\Engine\Binaries\DotNET\UnrealBuildTool\UnrealBuildTool.dll" JJK_theHiddenOnesEditor Win64 Development -project=F:/GameStudy/JJK_theHiddenOnes/JJK_theHiddenOnes.uproject -WaitMutex
Log file: C:\Users\yaeonh\AppData\Local\UnrealBuildTool\Log.txt
Determining max actions to execute in parallel (6 physical cores, 12 logical cores)
  Executing up to 6 processes, one per physical core
Using 'git status' to determine working set for adaptive non-unity build (F:\GameStudy\JJK_theHiddenOnes).
UbaServer - Listening on 0.0.0.0:1345
UHT compiled-in object format Default
Building JJK_theHiddenOnesEditor...
===== Toolchain Information =====
Using ISPC compiler (F:\GameStudy\UE_5.8\Engine\Source\ThirdParty\Intel\ISPC\bin\Windows\ispc.exe)
  Intel(r) Implicit SPMD Program Compiler (Intel(r) ISPC), 1.24.0 (build commit  @ 20250404, LLVM 18.1.2) 
Using Visual Studio 14.44.35217 toolchain (D:\Program Files\Microsoft Visual Studio\2022\Community\VC\Tools\MSVC\14.44.35207) and Windows 10.0.22621.0 SDK (C:\Program Files (x86)\Windows Kits\10).
[Adaptive Build] Excluded from JJK_theHiddenOnes unity file: JJK_theHiddenOnesCharacter.cpp, ArenaPlayerController.cpp, AttackDefinition.cpp, CombatHitComponent.cpp, CombatInputComponent.cpp, CombatNativeTags.cpp, CombatStateGameplayEffect.cpp, DodgeAbility.cpp, FighterAttributeSet.cpp, FighterCharacter.cpp, FighterDefinition.cpp, MeleeComboAbility.cpp, ModifyActionResourceGameplayEffect.cpp, RestoreCursedEnergyGameplayEffect.cpp, StanceSwitchAbility.cpp, TrainingGameMode.cpp
=================================
Using Unreal Build Accelerator local executor to run 16 action(s)
  CPU 6 physical cores, 12 logical cores
  Memory 31.94 GB physical, 43.26 GB/65.19 GB committed
  UBA Storage capacity 40 GB
[1/16] Compile [x64] CombatNativeTags.cpp
[2/16] Compile [x64] CombatInputComponent.cpp
[3/16] Compile [x64] CombatHitComponent.cpp
[4/16] Compile [x64] ArenaPlayerController.cpp
[5/16] Compile [x64] DodgeAbility.cpp
[6/16] Compile [x64] FighterDefinition.cpp
[7/16] Compile [x64] MeleeComboAbility.cpp
[8/16] Compile [x64] FighterCharacter.cpp
[9/16] Compile [x64] ModifyActionResourceGameplayEffect.cpp
[10/16] Compile [x64] RestoreCursedEnergyGameplayEffect.cpp
[11/16] Compile [x64] StanceSwitchAbility.cpp
[12/16] Compile [x64] TrainingGameMode.cpp
[13/16] Compile [x64] Module.JJK_theHiddenOnes.cpp
[14/16] Link [x64] UnrealEditor-JJK_theHiddenOnes.lib
  正在创建库 F:/GameStudy/JJK_theHiddenOnes/Intermediate/Build/Win64/x64/UnrealEditor/Development/JJK_theHiddenOnes/UnrealEditor-JJK_theHiddenOnes.lib 和对象 F:/GameStudy/JJK_theHiddenOnes/Intermediate/Build/Win64/x64/UnrealEditor/Development/JJK_theHiddenOnes/UnrealEditor-JJK_theHiddenOnes.exp
[15/16] Link [x64] UnrealEditor-JJK_theHiddenOnes.dll
[16/16] WriteMetadata JJK_theHiddenOnesEditor.target [NoUba]

Total time in Unreal Build Accelerator local executor: 38.01 seconds
Output binary: F:\GameStudy\UE_5.8\Engine\Binaries\Win64\UnrealEditor.exe

Result: Succeeded
Total execution time: 45.83 seconds
Trace written to file C:\Users\yaeonh\AppData\Local\UnrealBuildTool\Trace.uba with size 12.9kb
