Using bundled DotNet SDK version: 10.0 win-x64
Running UnrealBuildTool: dotnet "..\..\Engine\Binaries\DotNET\UnrealBuildTool\UnrealBuildTool.dll" JJK_theHiddenOnesEditor Win64 Development -Project=F:/GameStudy/JJK_theHiddenOnes/JJK_theHiddenOnes.uproject -WaitMutex -NoHotReloadFromIDE
Log file: C:\Users\yaeonh\AppData\Local\UnrealBuildTool\Log.txt
Determining max actions to execute in parallel (6 physical cores, 12 logical cores)
  Executing up to 6 processes, one per physical core
Using 'git status' to determine working set for adaptive non-unity build (F:\GameStudy\JJK_theHiddenOnes).
UbaServer - Listening on 0.0.0.0:1345
UHT compiled-in object format Default
UHT processed JJK_theHiddenOnesEditor in 11.2277807 seconds (0 generated files written)
Building JJK_theHiddenOnesEditor...
===== Toolchain Information =====
Using ISPC compiler (F:\GameStudy\UE_5.8\Engine\Source\ThirdParty\Intel\ISPC\bin\Windows\ispc.exe)
  Intel(r) Implicit SPMD Program Compiler (Intel(r) ISPC), 1.24.0 (build commit  @ 20250404, LLVM 18.1.2) 
Using Visual Studio 14.44.35217 toolchain (D:\Program Files\Microsoft Visual Studio\2022\Community\VC\Tools\MSVC\14.44.35207) and Windows 10.0.22621.0 SDK (C:\Program Files (x86)\Windows Kits\10).
[Adaptive Build] Excluded from JJK_theHiddenOnes unity file: ArenaPlayerController.cpp, CombatHitComponent.cpp, CombatHudWidget.cpp, DodgeAbility.cpp, FighterAIController.cpp, FighterCharacter.cpp, FighterDefinition.cpp, TrainingGameMode.cpp
=================================
Using Unreal Build Accelerator local executor to run 7 action(s)
  CPU 6 physical cores, 12 logical cores
  Memory 31.94 GB physical, 39.84 GB/65.19 GB committed
  UBA Storage capacity 40 GB
[1/7] Compile [x64] DodgeAbility.cpp
[2/7] Compile [x64] TrainingGameMode.cpp
[3/7] Compile [x64] ArenaPlayerController.cpp
[4/7] Compile [x64] Module.JJK_theHiddenOnes.cpp
[5/7] Link [x64] UnrealEditor-JJK_theHiddenOnes.lib
  正在创建库 F:/GameStudy/JJK_theHiddenOnes/Intermediate/Build/Win64/x64/UnrealEditor/Development/JJK_theHiddenOnes/UnrealEditor-JJK_theHiddenOnes.lib 和对象 F:/GameStudy/JJK_theHiddenOnes/Intermediate/Build/Win64/x64/UnrealEditor/Development/JJK_theHiddenOnes/UnrealEditor-JJK_theHiddenOnes.exp
[6/7] Link [x64] UnrealEditor-JJK_theHiddenOnes.dll
[7/7] WriteMetadata JJK_theHiddenOnesEditor.target [NoUba]

Total time in Unreal Build Accelerator local executor: 20.79 seconds
Output binary: F:\GameStudy\UE_5.8\Engine\Binaries\Win64\UnrealEditor.exe

Result: Succeeded
Total execution time: 34.01 seconds
Trace written to file C:\Users\yaeonh\AppData\Local\UnrealBuildTool\Trace.uba with size 9.6kb
